%!Adobe-FontList 1.22
%Locale:0x412

%BeginFont
Handler:DirectoryHandler
FontType:Invalid
OutlineFileName:C:\Users\AA19103\Desktop\Whatap\Font\Autonics_11segment_191209.woff
FileModTime:1650927446
%EndFont

%BeginFont
Handler:DirectoryHandler
FontType:Invalid
OutlineFileName:C:\Users\AA19103\Desktop\Whatap\Font\Autonics_11segment_191209.woff2
FileModTime:1650927446
%EndFont

%BeginFont
Handler:DirectoryHandler
FontType:Invalid
OutlineFileName:C:\Users\AA19103\Desktop\Whatap\Font\Autonics_12segment_191209.woff
FileModTime:1650927446
%EndFont

%BeginFont
Handler:DirectoryHandler
FontType:Invalid
OutlineFileName:C:\Users\AA19103\Desktop\Whatap\Font\Autonics_12segment_191209.woff2
FileModTime:1650927446
%EndFont

%BeginFont
Handler:DirectoryHandler
FontType:Invalid
OutlineFileName:C:\Users\AA19103\Desktop\Whatap\Font\Autonics_16segment_210419.woff
FileModTime:1650927446
%EndFont

%BeginFont
Handler:DirectoryHandler
FontType:Invalid
OutlineFileName:C:\Users\AA19103\Desktop\Whatap\Font\Autonics_16segment_210419.woff2
FileModTime:1650927446
%EndFont

%BeginFont
Handler:DirectoryHandler
FontType:Invalid
OutlineFileName:C:\Users\AA19103\Desktop\Whatap\Font\Autonics_7segment_191209.woff
FileModTime:1650927446
%EndFont

%BeginFont
Handler:DirectoryHandler
FontType:Invalid
OutlineFileName:C:\Users\AA19103\Desktop\Whatap\Font\Autonics_7segment_191209.woff2
FileModTime:1650927446
%EndFont

%BeginFont
Handler:DirectoryHandler
FontType:Invalid
OutlineFileName:C:\Users\AA19103\Desktop\Whatap\Font\D2Coding-Ver1.3.2-20180524.woff
FileModTime:1650927446
%EndFont

%BeginFont
Handler:DirectoryHandler
FontType:Invalid
OutlineFileName:C:\Users\AA19103\Desktop\Whatap\Font\D2Coding-Ver1.3.2-20180524.woff2
FileModTime:1650927446
%EndFont

%BeginFont
Handler:DirectoryHandler
FontType:Invalid
OutlineFileName:C:\Users\AA19103\Desktop\Whatap\Font\D2Coding.woff2
FileModTime:1650927446
%EndFont

%BeginFont
Handler:DirectoryHandler
FontType:CID
FontName:NotoSansKR-Regular
FamilyName:Noto Sans KR
StyleName:Regular
FullName:Noto Sans KR
MenuName:Noto Sans KR
StyleBits:0
FamilyNameNative:Noto Sans KR
StyleNameNative:Regular
FullNameNative:Noto Sans KR Regular
WritingScript:Korean
OutlineFileName:C:\Users\AA19103\Desktop\Whatap\Font\NotoSansKR-Regular.otf
DataFormat:sfntData
isCFF:yes
hasSVG:no
VariableFontType:NonVariableFont
FileLength:4744692
FileModTime:1650927446
WeightClass:400
WidthClass:5
AngleClass:0
NameArray:0,Win,1,Noto Sans KR
%EndFont

%BeginFont
Handler:DirectoryHandler
FontType:Invalid
OutlineFileName:C:\Users\AA19103\Desktop\Whatap\Font\font.zip
FileModTime:1650927446
%EndFont

%BeginFont
Handler:DirectoryHandler
FontType:Invalid
OutlineFileName:C:\Users\AA19103\Desktop\Whatap\Font\noto-sans-kr-v25-latin_korean-100.woff
FileModTime:1650927446
%EndFont

%BeginFont
Handler:DirectoryHandler
FontType:Invalid
OutlineFileName:C:\Users\AA19103\Desktop\Whatap\Font\noto-sans-kr-v25-latin_korean-100.woff2
FileModTime:1650927446
%EndFont

%BeginFont
Handler:DirectoryHandler
FontType:Invalid
OutlineFileName:C:\Users\AA19103\Desktop\Whatap\Font\noto-sans-kr-v25-latin_korean-300.woff
FileModTime:1650927446
%EndFont

%BeginFont
Handler:DirectoryHandler
FontType:Invalid
OutlineFileName:C:\Users\AA19103\Desktop\Whatap\Font\noto-sans-kr-v25-latin_korean-300.woff2
FileModTime:1650927446
%EndFont

%BeginFont
Handler:DirectoryHandler
FontType:Invalid
OutlineFileName:C:\Users\AA19103\Desktop\Whatap\Font\noto-sans-kr-v25-latin_korean-500.woff
FileModTime:1650927446
%EndFont

%BeginFont
Handler:DirectoryHandler
FontType:Invalid
OutlineFileName:C:\Users\AA19103\Desktop\Whatap\Font\noto-sans-kr-v25-latin_korean-500.woff2
FileModTime:1650927446
%EndFont

%BeginFont
Handler:DirectoryHandler
FontType:Invalid
OutlineFileName:C:\Users\AA19103\Desktop\Whatap\Font\noto-sans-kr-v25-latin_korean-700.woff
FileModTime:1650927446
%EndFont

%BeginFont
Handler:DirectoryHandler
FontType:Invalid
OutlineFileName:C:\Users\AA19103\Desktop\Whatap\Font\noto-sans-kr-v25-latin_korean-700.woff2
FileModTime:1650927446
%EndFont

%BeginFont
Handler:DirectoryHandler
FontType:Invalid
OutlineFileName:C:\Users\AA19103\Desktop\Whatap\Font\noto-sans-kr-v25-latin_korean-900.woff
FileModTime:1650927446
%EndFont

%BeginFont
Handler:DirectoryHandler
FontType:Invalid
OutlineFileName:C:\Users\AA19103\Desktop\Whatap\Font\noto-sans-kr-v25-latin_korean-900.woff2
FileModTime:1650927446
%EndFont

%BeginFont
Handler:DirectoryHandler
FontType:Invalid
OutlineFileName:C:\Users\AA19103\Desktop\Whatap\Font\noto-sans-kr-v25-latin_korean-regular.woff
FileModTime:1650927446
%EndFont

%BeginFont
Handler:DirectoryHandler
FontType:Invalid
OutlineFileName:C:\Users\AA19103\Desktop\Whatap\Font\noto-sans-kr-v25-latin_korean-regular.woff2
FileModTime:1650927446
%EndFont

